// Vitest Snapshot v1, https://vitest.dev/guide/snapshot.html

exports[`HoverCard Component Tests > Should be able to snapshot the component correctly 1`] = `
"<button class="inline-flex items-center whitespace-nowrap rounded-md text-sm font-medium transition-colors focus-visible:outline-none focus-visible:ring-1 focus-visible:ring-ring disabled:pointer-events-none disabled:opacity-50 text-primary underline-offset-4 hover:underline duration-300 h-9 p-0 justify-start w-fit" data-testid="HoverCardButton" data-state="closed" data-grace-area-trigger=""><span>@John Doe</span> </button>
<!--teleport start-->
<!--teleport end-->"
`;
