// Vitest Snapshot v1, https://vitest.dev/guide/snapshot.html

exports[`Image Component Tests > Should be able to snapshot the component correctly 1`] = `
"<div class="relative w-[80px] h-[80px]">
  <skeleton-stub class="w-full h-full absolute rounded-full"></skeleton-stub><img src="https://via.placeholder.com/80" alt="image" width="80" height="80" class="w-20 h-20 rounded-full" data-testid="Image">
</div>"
`;
