// Vitest Snapshot v1, https://vitest.dev/guide/snapshot.html

exports[`Link Component Tests > Should be able to snapshot the component correctly 1`] = `"<router-link-stub to="/about-us" class="duration-150 ease-in-out cursor-pointer font-bold underline" data-testid="RouterLink"></router-link-stub>"`;
